
> tdc@0.0.0 build
> vite build

[36mvite v8.2.2 [32mbuilding client environment for production...[36m[39m
transforming...
✓ 2337 modules transformed.
[31m✗[39m Build failed in 4.33s
[31merror during build:
[31mBuild failed with 96 errors:

[31m[builtin:vite-transform] [0mExpected corresponding JSX closing tag for 'motion.div'.
    [38;5;246m╭[0m[38;5;246m─[0m[38;5;246m[[0m src/pages/industries/healthcare/HealthcareWebsites.jsx:45:27 [38;5;246m][0m
    [38;5;246m│[0m
 [38;5;246m41 │[0m [38;5;249m [0m[38;5;249m [0m[38;5;249m [0m[38;5;249m [0m[38;5;249m [0m[38;5;249m [0m[38;5;249m [0m[38;5;249m [0m[38;5;249m [0m[38;5;249m [0m[38;5;249m [0m[38;5;249m [0m[38;5;249m [0m[38;5;249m [0m[38;5;249m [0m[38;5;249m [0m[38;5;249m [0m[38;5;249m [0m[38;5;249m [0m[38;5;249m [0m[38;5;249m [0m[38;5;249m [0m[38;5;249m [0m[38;5;249m [0m[38;5;249m<[0mmotion.div[38;5;249m [0m[38;5;249mi[0m[38;5;249mn[0m[38;5;249mi[0m[38;5;249mt[0m[38;5;249mi[0m[38;5;249ma[0m[38;5;249ml[0m[38;5;249m=[0m[38;5;249m{[0m[38;5;249m{[0m[38;5;249mo[0m[38;5;249mp[0m[38;5;249ma[0m[38;5;249mc[0m[38;5;249mi[0m[38;5;249mt[0m[38;5;249my[0m[38;5;249m:[0m[38;5;249m0[0m[38;5;249m,[0m[38;5;249m [0m[38;5;249my[0m[38;5;249m:[0m[38;5;249m2[0m[38;5;249m0[0m[38;5;249m}[0m[38;5;249m}[0m[38;5;249m [0m[38;5;249ma[0m[38;5;249mn[0m[38;5;249mi[0m[38;5;249mm[0m[38;5;249ma[0m[38;5;249mt[0m[38;5;249me[0m[38;5;249m=[0m[38;5;249m{[0m[38;5;249m{[0m[38;5;249mo[0m[38;5;249mp[0m[38;5;249ma[0m[38;5;249mc[0m[38;5;249mi[0m[38;5;249mt[0m[38;5;249my[0m[38;5;249m:[0m[38;5;249m1[0m[38;5;249m,[0m[38;5;249m [0m[38;5;249my[0m[38;5;249m:[0m[38;5;249m0[0m[38;5;249m}[0m[38;5;249m}[0m[38;5;249m [0m[38;5;249mt[0m[38;5;249mr[0m[38;5;249ma[0m[38;5;249mn[0m[38;5;249ms[0m[38;5;249mi[0m[38;5;249mt[0m[38;5;249mi[0m[38;5;249mo[0m[38;5;249mn[0m[38;5;249m=[0m[38;5;249m{[0m[38;5;249m{[0m[38;5;249md[0m[38;5;249me[0m[38;5;249ml[0m[38;5;249ma[0m[38;5;249my[0m[38;5;249m:[0m[38;5;249m [0m[38;5;249m0[0m[38;5;249m.[0m[38;5;249m3[0m[38;5;249m}[0m[38;5;249m}[0m[38;5;249m [0m[38;5;249mc[0m[38;5;249ml[0m[38;5;249ma[0m[38;5;249ms[0m[38;5;249ms[0m[38;5;249mN[0m[38;5;249ma[0m[38;5;249mm[0m[38;5;249me[0m[38;5;249m=[0m[38;5;249m"[0m[38;5;249mf[0m[38;5;249ml[0m[38;5;249me[0m[38;5;249mx[0m[38;5;249m [0m[38;5;249mf[0m[38;5;249ml[0m[38;5;249me[0m[38;5;249mx[0m[38;5;249m-[0m[38;5;249mw[0m[38;5;249mr[0m[38;5;249ma[0m[38;5;249mp[0m[38;5;249m [0m[38;5;249mg[0m[38;5;249ma[0m[38;5;249mp[0m[38;5;249m-[0m[38;5;249m4[0m[38;5;249m"[0m[38;5;249m>[0m
 [38;5;240m   │[0m                          ─────┬────  
 [38;5;240m   │[0m                               ╰────── Opened here
 [38;5;240m   │[0m 
 [38;5;246m45 │[0m [38;5;249m [0m[38;5;249m [0m[38;5;249m [0m[38;5;249m [0m[38;5;249m [0m[38;5;249m [0m[38;5;249m [0m[38;5;249m [0m[38;5;249m [0m[38;5;249m [0m[38;5;249m [0m[38;5;249m [0m[38;5;249m [0m[38;5;249m [0m[38;5;249m [0m[38;5;249m [0m[38;5;249m [0m[38;5;249m [0m[38;5;249m [0m[38;5;249m [0m[38;5;249m [0m[38;5;249m [0m[38;5;249m [0m[38;5;249m [0m[38;5;249m<[0m[38;5;249m/[0mLink[38;5;249m>[0m
 [38;5;240m   │[0m                           ──┬─  
 [38;5;240m   │[0m                             ╰─── Expected `</motion.div>`
[38;5;246m────╯[0m

[31m[builtin:vite-transform] [0mExpected corresponding JSX closing tag for 'div'.
    [38;5;246m╭[0m[38;5;246m─[0m[38;5;246m[[0m src/pages/industries/healthcare/HealthcareWebsites.jsx:46:27 [38;5;246m][0m
    [38;5;246m│[0m
 [38;5;246m31 │[0m [38;5;249m [0m[38;5;249m [0m[38;5;249m [0m[38;5;249m [0m[38;5;249m [0m[38;5;249m [0m[38;5;249m [0m[38;5;249m [0m[38;5;249m [0m[38;5;249m [0m[38;5;249m [0m[38;5;249m [0m[38;5;249m [0m[38;5;249m [0m[38;5;249m [0m[38;5;249m [0m[38;5;249m [0m[38;5;249m [0m[38;5;249m [0m[38;5;249m [0m[38;5;249m<[0mdiv[38;5;249m>[0m
 [38;5;240m   │[0m                      ─┬─  
 [38;5;240m   │[0m                       ╰─── Opened here
 [38;5;240m   │[0m 
 [38;5;246m46 │[0m [38;5;249m [0m[38;5;249m [0m[38;5;249m [0m[38;5;249m [0m[38;5;249m [0m[38;5;249m [0m[38;5;249m [0m[38;5;249m [0m[38;5;249m [0m[38;5;249m [0m[38;5;249m [0m[38;5;249m [0m[38;5;249m [0m[38;5;249m [0m[38;5;249m [0m[38;5;249m [0m[38;5;249m [0m[38;5;249m [0m[38;5;249m [0m[38;5;249m [0m[38;5;249m [0m[38;5;249m [0m[38;5;249m [0m[38;5;249m [0m[38;5;249m<[0m[38;5;249m/[0mmotion.div[38;5;249m>[0m
 [38;5;240m   │[0m                           ─────┬────  
 [38;5;240m   │[0m                                ╰────── Expected `</div>`
[38;5;246m────╯[0m

[31m[builtin:vite-transform] [0mExpected corresponding JSX closing tag for 'section'.
    [38;5;246m╭[0m[38;5;246m─[0m[38;5;246m[[0m src/pages/industries/healthcare/HealthcareWebsites.jsx:47:23 [38;5;246m][0m
    [38;5;246m│[0m
 [38;5;246m30 │[0m [38;5;249m [0m[38;5;249m [0m[38;5;249m [0m[38;5;249m [0m[38;5;249m [0m[38;5;249m [0m[38;5;249m [0m[38;5;249m [0m[38;5;249m [0m[38;5;249m [0m[38;5;249m [0m[38;5;249m [0m[38;5;249m [0m[38;5;249m [0m[38;5;249m [0m[38;5;249m [0m[38;5;249m<[0msection[38;5;249m [0m[38;5;249mc[0m[38;5;249ml[0m[38;5;249ma[0m[38;5;249ms[0m[38;5;249ms[0m[38;5;249mN[0m[38;5;249ma[0m[38;5;249mm[0m[38;5;249me[0m[38;5;249m=[0m[38;5;249m"[0m[38;5;249mp[0m[38;5;249my[0m[38;5;249m-[0m[38;5;249m1[0m[38;5;249m2[0m[38;5;249m [0m[38;5;249mm[0m[38;5;249md[0m[38;5;249m:[0m[38;5;249mp[0m[38;5;249my[0m[38;5;249m-[0m[38;5;249m2[0m[38;5;249m0[0m[38;5;249m [0m[38;5;249mp[0m[38;5;249mx[0m[38;5;249m-[0m[38;5;249m5[0m[38;5;249m [0m[38;5;249mm[0m[38;5;249ma[0m[38;5;249mx[0m[38;5;249m-[0m[38;5;249mw[0m[38;5;249m-[0m[38;5;249m[[0m[38;5;249m1[0m[38;5;249m3[0m[38;5;249m2[0m[38;5;249m0[0m[38;5;249mp[0m[38;5;249mx[0m[38;5;249m][0m[38;5;249m [0m[38;5;249mm[0m[38;5;249mx[0m[38;5;249m-[0m[38;5;249ma[0m[38;5;249mu[0m[38;5;249mt[0m[38;5;249mo[0m[38;5;249m [0m[38;5;249mg[0m[38;5;249mr[0m[38;5;249mi[0m[38;5;249md[0m[38;5;249m [0m[38;5;249ml[0m[38;5;249mg[0m[38;5;249m:[0m[38;5;249mg[0m[38;5;249mr[0m[38;5;249mi[0m[38;5;249md[0m[38;5;249m-[0m[38;5;249mc[0m[38;5;249mo[0m[38;5;249ml[0m[38;5;249ms[0m[38;5;249m-[0m[38;5;249m2[0m[38;5;249m [0m[38;5;249mg[0m[38;5;249ma[0m[38;5;249mp[0m[38;5;249m-[0m[38;5;249m1[0m[38;5;249m2[0m[38;5;249m [0m[38;5;249ml[0m[38;5;249mg[0m[38;5;249m:[0m[38;5;249mg[0m[38;5;249ma[0m[38;5;249mp[0m[38;5;249m-[0m[38;5;249m2[0m[38;5;249m0[0m[38;5;249m [0m[38;5;249mi[0m[38;5;249mt[0m[38;5;249me[0m[38;5;249mm[0m[38;5;249ms[0m[38;5;249m-[0m[38;5;249mc[0m[38;5;249me[0m[38;5;249mn[0m[38;5;249mt[0m[38;5;249me[0m[38;5;249mr[0m[38;5;249m"[0m[38;5;249m>[0m
 [38;5;240m   │[0m                  ───┬───  
 [38;5;240m   │[0m                     ╰───── Opened here
 [38;5;240m   │[0m 
 [38;5;246m47 │[0m [38;5;249m [0m[38;5;249m [0m[38;5;249m [0m[38;5;249m [0m[38;5;249m [0m[38;5;249m [0m[38;5;249m [0m[38;5;249m [0m[38;5;249m [0m[38;5;249m [0m[38;5;249m [0m[38;5;249m [0m[38;5;249m [0m[38;5;249m [0m[38;5;249m [0m[38;5;249m [0m[38;5;249m [0m[38;5;249m [0m[38;5;249m [0m[38;5;249m [0m[38;5;249m<[0m[38;5;249m/[0mdiv[38;5;249m>[0m
 [38;5;240m   │[0m                       ─┬─  
 [38;5;240m   │[0m                        ╰─── Expected `</section>`
[38;5;246m────╯[0m

[31m[builtin:vite-transform] [0mExpected corresponding JSX closing tag for 'div'.
    [38;5;246m╭[0m[38;5;246m─[0m[38;5;246m[[0m src/pages/industries/healthcare/HealthcareWebsites.jsx:60:19 [38;5;246m][0m
    [38;5;246m│[0m
 [38;5;246m16 │[0m [38;5;249m [0m[38;5;249m [0m[38;5;249m [0m[38;5;249m [0m[38;5;249m [0m[38;5;249m [0m[38;5;249m [0m[38;5;249m [0m[38;5;249m [0m[38;5;249m [0m[38;5;249m [0m[38;5;249m [0m[38;5;249m<[0mdiv[38;5;249m [0m[38;5;249mc[0m[38;5;249ml[0m[38;5;249ma[0m[38;5;249ms[0m[38;5;249ms[0m[38;5;249mN[0m[38;5;249ma[0m[38;5;249mm[0m[38;5;249me[0m[38;5;249m=[0m[38;5;249m"[0m[38;5;249mw[0m[38;5;249m-[0m[38;5;249mf[0m[38;5;249mu[0m[38;5;249ml[0m[38;5;249ml[0m[38;5;249m [0m[38;5;249mb[0m[38;5;249mg[0m[38;5;249m-[0m[38;5;249m[[0m[38;5;249m#[0m[38;5;249mF[0m[38;5;249mA[0m[38;5;249mF[0m[38;5;249mA[0m[38;5;249mF[0m[38;5;249mA[0m[38;5;249m][0m[38;5;249m [0m[38;5;249mm[0m[38;5;249mi[0m[38;5;249mn[0m[38;5;249m-[0m[38;5;249mh[0m[38;5;249m-[0m[38;5;249ms[0m[38;5;249mc[0m[38;5;249mr[0m[38;5;249me[0m[38;5;249me[0m[38;5;249mn[0m[38;5;249m [0m[38;5;249mf[0m[38;5;249mo[0m[38;5;249mn[0m[38;5;249mt[0m[38;5;249m-[0m[38;5;249ms[0m[38;5;249ma[0m[38;5;249mn[0m[38;5;249ms[0m[38;5;249m"[0m[38;5;249m>[0m
 [38;5;240m   │[0m              ─┬─  
 [38;5;240m   │[0m               ╰─── Opened here
 [38;5;240m   │[0m 
 [38;5;246m60 │[0m [38;5;249m [0m[38;5;249m [0m[38;5;249m [0m[38;5;249m [0m[38;5;249m [0m[38;5;249m [0m[38;5;249m [0m[38;5;249m [0m[38;5;249m [0m[38;5;249m [0m[38;5;249m [0m[38;5;249m [0m[38;5;249m [0m[38;5;249m [0m[38;5;249m [0m[38;5;249m [0m[38;5;249m<[0m[38;5;249m/[0msection[38;5;249m>[0m
 [38;5;240m   │[0m                   ───┬───  
 [38;5;240m   │[0m                      ╰───── Expected `</div>`
[38;5;246m────╯[0m

[31m[builtin:vite-transform] [0mExpected corresponding JSX closing tag for 'PageTransition'.
     [38;5;246m╭[0m[38;5;246m─[0m[38;5;246m[[0m src/pages/industries/healthcare/HealthcareWebsites.jsx:134:15 [38;5;246m][0m
     [38;5;246m│[0m
 [38;5;246m 15 │[0m [38;5;249m [0m[38;5;249m [0m[38;5;249m [0m[38;5;249m [0m[38;5;249m [0m[38;5;249m [0m[38;5;249m [0m[38;5;249m [0m[38;5;249m<[0mPageTransition[38;5;249m>[0m
 [38;5;240m    │[0m          ───────┬──────  
 [38;5;240m    │[0m                 ╰──────── Opened here
 [38;5;240m    │[0m 
 [38;5;246m134 │[0m [38;5;249m [0m[38;5;249m [0m[38;5;249m [0m[38;5;249m [0m[38;5;249m [0m[38;5;249m [0m[38;5;249m [0m[38;5;249m [0m[38;5;249m [0m[38;5;249m [0m[38;5;249m [0m[38;5;249m [0m[38;5;249m<[0m[38;5;249m/[0mdiv[38;5;249m>[0m
 [38;5;240m    │[0m               ─┬─  
 [38;5;240m    │[0m                ╰─── Expected `</PageTransition>`
[38;5;246m─────╯[0m

...[31m
    at aggregateBindingErrorsIntoJsError (file:///D:/allweb/TDC/node_modules/rolldown/dist/shared/error-NcRuXAVN.mjs:48:18)
    at unwrapBindingResult (file:///D:/allweb/TDC/node_modules/rolldown/dist/shared/error-NcRuXAVN.mjs:18:128)
    at #build (file:///D:/allweb/TDC/node_modules/rolldown/dist/shared/rolldown-vcii7mEa.mjs:132:34)
    at async buildEnvironment (file:///D:/allweb/TDC/node_modules/vite/dist/node/chunks/node.js:33821:66)
    at async Object.build (file:///D:/allweb/TDC/node_modules/vite/dist/node/chunks/node.js:34242:19)
    at async Object.buildApp (file:///D:/allweb/TDC/node_modules/vite/dist/node/chunks/node.js:34239:153)
    at async CAC.<anonymous> (file:///D:/allweb/TDC/node_modules/vite/dist/node/cli.js:776:3) {
  errors: [Getter/Setter]
}[39m
